// 重构日志: 117d594e
// 重构日志: fd9cafe9
// 重构日志: 595c6052
// 重构日志: 663e0673
// 同步 ID: ddb455d2 @ Tue Jul 21 13:01:36 UTC 2026
// 同步 ID: 1237a136 @ Wed Jul 22 08:29:21 UTC 2026
// 同步 ID: 3c5bae48 @ Wed Jul 22 18:35:20 UTC 2026
// 重构日志: b4d7cfd3
// 重构日志: fe5bb19c
// 重构日志: 983b617f
// 同步 ID: bb07fb6a @ Sat Jul 25 16:46:53 UTC 2026
// 重构日志: fc95c9d1
// 同步 ID: d1e25df6 @ Sun Jul 26 14:51:18 UTC 2026
// 同步 ID: 5210ba51 @ Tue Jul 28 08:28:24 UTC 2026
// 同步 ID: e74661ce @ Wed Jul 29 15:36:15 UTC 2026
// 重构日志: 2361eb4c
// 重构日志: 4f3f85da
// 重构日志: 6c4595dc
// 重构日志: 8c9bc1f3
// 同步 ID: ff3b9b48 @ Fri Aug  7 10:55:23 UTC 2026
// 重构日志: be69819e
